[2026-04-11 13:43:10] State snapshot: DP-1_connected=1 lid_closed=0
[2026-04-11 13:43:10] DP-1 is connected and lid is open; ensuring eDP-1 is enabled
[2026-04-11 13:43:10] eDP-1 already enabled; no change
[2026-04-11 13:43:15] State snapshot: DP-1_connected=1 lid_closed=1
[2026-04-11 13:43:15] DP-1 is connected and lid is closed; ensuring eDP-1 is disabled
[2026-04-11 13:43:15] No workspaces needed moving off eDP-1
[2026-04-11 13:43:15] Disabling eDP-1
ok
[2026-04-11 13:43:27] State snapshot: DP-1_connected=1 lid_closed=0
[2026-04-11 13:43:27] DP-1 is connected and lid is open; ensuring eDP-1 is enabled
[2026-04-11 13:43:27] Enabling eDP-1
ok
[2026-04-11 13:43:34] State snapshot: DP-1_connected=1 lid_closed=1
[2026-04-11 13:43:34] DP-1 is connected and lid is closed; ensuring eDP-1 is disabled
[2026-04-11 13:43:34] No workspaces needed moving off eDP-1
[2026-04-11 13:43:34] Disabling eDP-1
ok
[2026-04-11 13:47:04] State snapshot: DP-1_connected=1 lid_closed=0
[2026-04-11 13:47:04] DP-1 is connected and lid is open; ensuring eDP-1 is enabled
[2026-04-11 13:47:04] eDP-1 already enabled; no change
[2026-04-11 13:47:07] State snapshot: DP-1_connected=1 lid_closed=1
[2026-04-11 13:47:07] DP-1 is connected and lid is closed; ensuring eDP-1 is disabled
[2026-04-11 13:47:07] No workspaces needed moving off eDP-1
[2026-04-11 13:47:07] Disabling eDP-1
ok
[2026-04-11 17:59:42] State snapshot: DP-1_connected=0 lid_closed=0
[2026-04-11 17:59:42] DP-1 is disconnected; ensuring eDP-1 is enabled
[2026-04-11 17:59:42] Enabling eDP-1
ok
[2026-04-12 11:36:39] Another instance is already running; exiting
[2026-04-12 11:36:40] State snapshot: DP-1_connected=1 lid_closed=1
[2026-04-12 11:36:40] DP-1 is connected and lid is closed; ensuring eDP-1 is disabled
[2026-04-12 11:36:40] No workspaces needed moving off eDP-1
[2026-04-12 11:36:40] Disabling eDP-1
ok
[2026-04-14 17:35:14] Another instance is already running; exiting
[2026-04-14 17:35:14] State snapshot: DP-1_connected=1 lid_closed=1
[2026-04-14 17:35:14] DP-1 is connected and lid is closed; ensuring eDP-1 is disabled
[2026-04-14 17:35:14] No workspaces needed moving off eDP-1
[2026-04-14 17:35:14] Disabling eDP-1
ok
[2026-04-15 16:00:00] State snapshot: DP-1_connected=0 lid_closed=0
[2026-04-15 16:00:00] DP-1 is disconnected; ensuring eDP-1 is enabled
[2026-04-15 16:00:00] eDP-1 already enabled; no change
[2026-04-15 20:28:29] Another instance is already running; exiting
[2026-04-15 20:28:30] State snapshot: DP-1_connected=0 lid_closed=0
[2026-04-15 20:28:30] DP-1 is disconnected; ensuring eDP-1 is enabled
[2026-04-15 20:28:30] eDP-1 already enabled; no change
[2026-04-16 08:37:58] Another instance is already running; exiting
[2026-04-16 08:37:58] State snapshot: DP-1_connected=1 lid_closed=1
[2026-04-16 08:37:58] DP-1 is connected and lid is closed; ensuring eDP-1 is disabled
[2026-04-16 08:37:58] No workspaces needed moving off eDP-1
[2026-04-16 08:37:58] Disabling eDP-1
ok
[2026-04-17 12:23:31] State snapshot: DP-1_connected=0 lid_closed=0
[2026-04-17 12:23:31] DP-1 is disconnected; ensuring eDP-1 is enabled
[2026-04-17 12:23:31] eDP-1 already enabled; no change
[2026-04-17 16:13:28] State snapshot: DP-1_connected=0 lid_closed=0
[2026-04-17 16:13:28] DP-1 is disconnected; ensuring eDP-1 is enabled
[2026-04-17 16:13:28] eDP-1 already enabled; no change
[2026-04-17 19:10:27] State snapshot: DP-1_connected=0 lid_closed=0
[2026-04-17 19:10:27] DP-1 is disconnected; ensuring eDP-1 is enabled
[2026-04-17 19:10:27] eDP-1 already enabled; no change
[2026-04-18 14:10:54] Another instance is already running; exiting
[2026-04-18 14:10:54] State snapshot: DP-1_connected=1 lid_closed=1
[2026-04-18 14:10:54] DP-1 is connected and lid is closed; ensuring eDP-1 is disabled
[2026-04-18 14:10:54] No workspaces needed moving off eDP-1
[2026-04-18 14:10:54] Disabling eDP-1
ok
[2026-04-20 09:57:29] State snapshot: DP-1_connected=0 lid_closed=0
[2026-04-20 09:57:29] DP-1 is disconnected; ensuring eDP-1 is enabled
[2026-04-20 09:57:29] Enabling eDP-1
ok
[2026-04-20 10:54:12] State snapshot: DP-1_connected=0 lid_closed=0
[2026-04-20 10:54:12] DP-1 is disconnected; ensuring eDP-1 is enabled
[2026-04-20 10:54:12] eDP-1 already enabled; no change
[2026-04-20 11:03:00] State snapshot: DP-1_connected=0 lid_closed=1
[2026-04-20 11:03:00] DP-1 is disconnected; ensuring eDP-1 is enabled
[2026-04-20 11:03:00] eDP-1 already enabled; no change
[2026-04-20 11:03:14] State snapshot: DP-1_connected=1 lid_closed=0
[2026-04-20 11:03:14] DP-1 is connected and lid is open; ensuring eDP-1 is enabled
[2026-04-20 11:03:14] eDP-1 already enabled; no change
[2026-04-20 11:03:15] State snapshot: DP-1_connected=1 lid_closed=1
[2026-04-20 11:03:15] DP-1 is connected and lid is closed; ensuring eDP-1 is disabled
[2026-04-20 11:03:15] No workspaces needed moving off eDP-1
[2026-04-20 11:03:15] Disabling eDP-1
ok
[2026-04-20 17:24:09] State snapshot: DP-1_connected=0 lid_closed=0
[2026-04-20 17:24:09] DP-1 is disconnected; ensuring eDP-1 is enabled
[2026-04-20 17:24:09] Enabling eDP-1
ok
[2026-04-20 19:10:40] State snapshot: DP-1_connected=0 lid_closed=0
[2026-04-20 19:10:40] DP-1 is disconnected; ensuring eDP-1 is enabled
[2026-04-20 19:10:40] eDP-1 already enabled; no change
[2026-04-20 21:55:48] State snapshot: DP-1_connected=0 lid_closed=0
[2026-04-20 21:55:48] DP-1 is disconnected; ensuring eDP-1 is enabled
[2026-04-20 21:55:48] eDP-1 already enabled; no change
[2026-04-21 09:41:54] State snapshot: DP-1_connected=0 lid_closed=0
[2026-04-21 09:41:54] DP-1 is disconnected; ensuring eDP-1 is enabled
[2026-04-21 09:41:54] eDP-1 already enabled; no change
[2026-04-21 11:32:46] State snapshot: DP-1_connected=0 lid_closed=1
[2026-04-21 11:32:46] DP-1 is disconnected; ensuring eDP-1 is enabled
[2026-04-21 11:32:46] eDP-1 already enabled; no change
[2026-04-21 11:33:24] State snapshot: DP-1_connected=1 lid_closed=0
[2026-04-21 11:33:24] DP-1 is connected and lid is open; ensuring eDP-1 is enabled
[2026-04-21 11:33:24] eDP-1 already enabled; no change
[2026-04-21 11:33:27] State snapshot: DP-1_connected=1 lid_closed=1
[2026-04-21 11:33:27] DP-1 is connected and lid is closed; ensuring eDP-1 is disabled
[2026-04-21 11:33:27] No workspaces needed moving off eDP-1
[2026-04-21 11:33:27] Disabling eDP-1
ok
[2026-04-21 13:58:53] State snapshot: DP-1_connected=0 lid_closed=0
[2026-04-21 13:58:53] DP-1 is disconnected; ensuring eDP-1 is enabled
[2026-04-21 13:58:53] eDP-1 already enabled; no change
[2026-04-21 16:37:08] State snapshot: DP-1_connected=0 lid_closed=0
[2026-04-21 16:37:08] DP-1 is disconnected; ensuring eDP-1 is enabled
[2026-04-21 16:37:08] eDP-1 already enabled; no change
[2026-04-21 17:41:25] State snapshot: DP-1_connected=0 lid_closed=0
[2026-04-21 17:41:25] DP-1 is disconnected; ensuring eDP-1 is enabled
[2026-04-21 17:41:25] eDP-1 already enabled; no change
[2026-04-21 19:01:36] State snapshot: DP-1_connected=0 lid_closed=1
[2026-04-21 19:01:36] DP-1 is disconnected; ensuring eDP-1 is enabled
[2026-04-21 19:01:36] eDP-1 already enabled; no change
[2026-04-21 19:09:47] State snapshot: DP-1_connected=0 lid_closed=0
[2026-04-21 19:09:47] DP-1 is disconnected; ensuring eDP-1 is enabled
[2026-04-21 19:09:47] eDP-1 already enabled; no change
[2026-04-21 20:30:00] State snapshot: DP-1_connected=0 lid_closed=0
[2026-04-21 20:30:00] DP-1 is disconnected; ensuring eDP-1 is enabled
[2026-04-21 20:30:00] eDP-1 already enabled; no change
[2026-04-21 23:17:11] State snapshot: DP-1_connected=0 lid_closed=0
[2026-04-21 23:17:11] DP-1 is disconnected; ensuring eDP-1 is enabled
[2026-04-21 23:17:11] eDP-1 already enabled; no change
[2026-04-22 09:36:24] State snapshot: DP-1_connected=0 lid_closed=0
[2026-04-22 09:36:24] DP-1 is disconnected; ensuring eDP-1 is enabled
[2026-04-22 09:36:24] eDP-1 already enabled; no change
[2026-04-22 11:50:17] Another instance is already running; exiting
[2026-04-22 11:50:17] State snapshot: DP-1_connected=1 lid_closed=1
[2026-04-22 11:50:17] DP-1 is connected and lid is closed; ensuring eDP-1 is disabled
[2026-04-22 11:50:17] No workspaces needed moving off eDP-1
[2026-04-22 11:50:17] Disabling eDP-1
ok
[2026-04-22 15:55:15] State snapshot: DP-1_connected=0 lid_closed=0
[2026-04-22 15:55:15] DP-1 is disconnected; ensuring eDP-1 is enabled
[2026-04-22 15:55:15] Enabling eDP-1
ok
[2026-04-22 18:44:54] Another instance is already running; exiting
[2026-04-22 18:44:55] State snapshot: DP-1_connected=1 lid_closed=1
[2026-04-22 18:44:55] DP-1 is connected and lid is closed; ensuring eDP-1 is disabled
[2026-04-22 18:44:55] No workspaces needed moving off eDP-1
[2026-04-22 18:44:55] Disabling eDP-1
ok
[2026-04-22 21:55:27] State snapshot: DP-1_connected=0 lid_closed=0
[2026-04-22 21:55:27] DP-1 is disconnected; ensuring eDP-1 is enabled
[2026-04-22 21:55:27] Enabling eDP-1
ok
[2026-04-23 10:14:55] State snapshot: DP-1_connected=0 lid_closed=0
[2026-04-23 10:14:55] DP-1 is disconnected; ensuring eDP-1 is enabled
[2026-04-23 10:14:55] eDP-1 already enabled; no change
[2026-04-23 11:37:13] Another instance is already running; exiting
[2026-04-23 11:37:13] State snapshot: DP-1_connected=1 lid_closed=1
[2026-04-23 11:37:13] DP-1 is connected and lid is closed; ensuring eDP-1 is disabled
[2026-04-23 11:37:13] No workspaces needed moving off eDP-1
[2026-04-23 11:37:13] Disabling eDP-1
ok
[2026-04-23 12:59:45] State snapshot: DP-1_connected=0 lid_closed=0
[2026-04-23 12:59:45] DP-1 is disconnected; ensuring eDP-1 is enabled
[2026-04-23 12:59:45] eDP-1 already enabled; no change
[2026-04-23 13:30:42] State snapshot: DP-1_connected=0 lid_closed=0
[2026-04-23 13:30:42] DP-1 is disconnected; ensuring eDP-1 is enabled
[2026-04-23 13:30:42] eDP-1 already enabled; no change
[2026-04-23 15:11:09] State snapshot: DP-1_connected=0 lid_closed=0
[2026-04-23 15:11:09] DP-1 is disconnected; ensuring eDP-1 is enabled
[2026-04-23 15:11:09] eDP-1 already enabled; no change
[2026-04-23 21:14:43] State snapshot: DP-1_connected=0 lid_closed=0
[2026-04-23 21:14:43] DP-1 is disconnected; ensuring eDP-1 is enabled
[2026-04-23 21:14:43] eDP-1 already enabled; no change
[2026-04-24 10:02:26] State snapshot: DP-1_connected=0 lid_closed=0
[2026-04-24 10:02:26] DP-1 is disconnected; ensuring eDP-1 is enabled
[2026-04-24 10:02:26] eDP-1 already enabled; no change
[2026-04-24 11:34:43] State snapshot: DP-1_connected=0 lid_closed=0
[2026-04-24 11:34:43] DP-1 is disconnected; ensuring eDP-1 is enabled
[2026-04-24 11:34:43] eDP-1 already enabled; no change
[2026-04-24 12:03:52] Another instance is already running; exiting
[2026-04-24 12:03:52] State snapshot: DP-1_connected=1 lid_closed=1
[2026-04-24 12:03:52] DP-1 is connected and lid is closed; ensuring eDP-1 is disabled
[2026-04-24 12:03:52] No workspaces needed moving off eDP-1
[2026-04-24 12:03:52] Disabling eDP-1
ok
[2026-04-24 16:00:15] State snapshot: DP-1_connected=0 lid_closed=0
[2026-04-24 16:00:15] DP-1 is disconnected; ensuring eDP-1 is enabled
[2026-04-24 16:00:15] Enabling eDP-1
ok
[2026-04-24 23:04:10] State snapshot: DP-1_connected=0 lid_closed=0
[2026-04-24 23:04:10] DP-1 is disconnected; ensuring eDP-1 is enabled
[2026-04-24 23:04:10] eDP-1 already enabled; no change
[2026-04-25 17:15:46] State snapshot: DP-1_connected=0 lid_closed=0
[2026-04-25 17:15:46] DP-1 is disconnected; ensuring eDP-1 is enabled
[2026-04-25 17:15:46] eDP-1 already enabled; no change
[2026-04-26 12:35:38] Another instance is already running; exiting
[2026-04-26 12:35:38] State snapshot: DP-1_connected=1 lid_closed=1
[2026-04-26 12:35:38] DP-1 is connected and lid is closed; ensuring eDP-1 is disabled
[2026-04-26 12:35:38] No workspaces needed moving off eDP-1
[2026-04-26 12:35:38] Disabling eDP-1
ok
[2026-04-26 12:53:15] Another instance is already running; exiting
[2026-04-26 12:53:15] State snapshot: DP-1_connected=1 lid_closed=1
[2026-04-26 12:53:15] DP-1 is connected and lid is closed; ensuring eDP-1 is disabled
[2026-04-26 12:53:15] No workspaces needed moving off eDP-1
[2026-04-26 12:53:15] Disabling eDP-1
ok
[2026-04-26 14:29:48] State snapshot: DP-1_connected=0 lid_closed=0
[2026-04-26 14:29:48] DP-1 is disconnected; ensuring eDP-1 is enabled
[2026-04-26 14:29:48] Enabling eDP-1
ok
[2026-04-26 18:43:39] State snapshot: DP-1_connected=0 lid_closed=0
[2026-04-26 18:43:39] DP-1 is disconnected; ensuring eDP-1 is enabled
[2026-04-26 18:43:39] eDP-1 already enabled; no change
[2026-04-26 20:36:08] State snapshot: DP-1_connected=0 lid_closed=0
[2026-04-26 20:36:08] DP-1 is disconnected; ensuring eDP-1 is enabled
[2026-04-26 20:36:08] eDP-1 already enabled; no change
[2026-04-27 10:46:52] Another instance is already running; exiting
[2026-04-27 10:46:52] State snapshot: DP-1_connected=1 lid_closed=1
[2026-04-27 10:46:52] DP-1 is connected and lid is closed; ensuring eDP-1 is disabled
[2026-04-27 10:46:52] No workspaces needed moving off eDP-1
[2026-04-27 10:46:52] Disabling eDP-1
ok
[2026-04-27 11:15:42] State snapshot: DP-1_connected=1 lid_closed=0
[2026-04-27 11:15:42] DP-1 is connected and lid is open; ensuring eDP-1 is enabled
[2026-04-27 11:15:42] eDP-1 already enabled; no change
[2026-04-27 11:15:45] State snapshot: DP-1_connected=1 lid_closed=1
[2026-04-27 11:15:45] DP-1 is connected and lid is closed; ensuring eDP-1 is disabled
[2026-04-27 11:15:45] No workspaces needed moving off eDP-1
[2026-04-27 11:15:45] Disabling eDP-1
ok
[2026-04-27 12:01:23] Another instance is already running; exiting
[2026-04-27 12:01:23] State snapshot: DP-1_connected=1 lid_closed=1
[2026-04-27 12:01:23] DP-1 is connected and lid is closed; ensuring eDP-1 is disabled
[2026-04-27 12:01:23] No workspaces needed moving off eDP-1
[2026-04-27 12:01:23] Disabling eDP-1
ok
[2026-04-28 11:08:48] State snapshot: DP-1_connected=0 lid_closed=0
[2026-04-28 11:08:48] DP-1 is disconnected; ensuring eDP-1 is enabled
[2026-04-28 11:08:48] Enabling eDP-1
ok
[2026-04-28 13:34:50] Another instance is already running; exiting
[2026-04-28 13:34:51] State snapshot: DP-1_connected=1 lid_closed=1
[2026-04-28 13:34:51] DP-1 is connected and lid is closed; ensuring eDP-1 is disabled
[2026-04-28 13:34:51] No workspaces needed moving off eDP-1
[2026-04-28 13:34:51] Disabling eDP-1
ok
[2026-04-28 18:29:47] State snapshot: DP-1_connected=0 lid_closed=0
[2026-04-28 18:29:47] DP-1 is disconnected; ensuring eDP-1 is enabled
[2026-04-28 18:29:47] Enabling eDP-1
ok
[2026-04-28 21:24:52] State snapshot: DP-1_connected=0 lid_closed=0
[2026-04-28 21:24:52] DP-1 is disconnected; ensuring eDP-1 is enabled
[2026-04-28 21:24:52] eDP-1 already enabled; no change
[2026-04-29 10:39:05] State snapshot: DP-1_connected=0 lid_closed=0
[2026-04-29 10:39:05] DP-1 is disconnected; ensuring eDP-1 is enabled
[2026-04-29 10:39:05] eDP-1 already enabled; no change
[2026-04-29 12:01:37] State snapshot: DP-1_connected=0 lid_closed=0
[2026-04-29 12:01:37] DP-1 is disconnected; ensuring eDP-1 is enabled
[2026-04-29 12:01:37] eDP-1 already enabled; no change
[2026-04-29 18:35:53] Another instance is already running; exiting
[2026-04-29 18:35:53] State snapshot: DP-1_connected=1 lid_closed=1
[2026-04-29 18:35:53] DP-1 is connected and lid is closed; ensuring eDP-1 is disabled
[2026-04-29 18:35:53] No workspaces needed moving off eDP-1
[2026-04-29 18:35:53] Disabling eDP-1
ok
[2026-05-01 16:13:14] Another instance is already running; exiting
[2026-05-01 16:13:14] State snapshot: DP-1_connected=1 lid_closed=1
[2026-05-01 16:13:14] DP-1 is connected and lid is closed; ensuring eDP-1 is disabled
[2026-05-01 16:13:14] No workspaces needed moving off eDP-1
[2026-05-01 16:13:14] Disabling eDP-1
ok
[2026-05-01 19:33:46] State snapshot: DP-1_connected=0 lid_closed=0
[2026-05-01 19:33:46] DP-1 is disconnected; ensuring eDP-1 is enabled
[2026-05-01 19:33:46] Enabling eDP-1
ok
[2026-05-02 12:24:42] Another instance is already running; exiting
[2026-05-02 12:24:43] State snapshot: DP-1_connected=1 lid_closed=1
[2026-05-02 12:24:43] DP-1 is connected and lid is closed; ensuring eDP-1 is disabled
[2026-05-02 12:24:43] No workspaces needed moving off eDP-1
[2026-05-02 12:24:43] Disabling eDP-1
ok
[2026-05-02 22:06:57] State snapshot: DP-1_connected=0 lid_closed=0
[2026-05-02 22:06:57] DP-1 is disconnected; ensuring eDP-1 is enabled
[2026-05-02 22:06:57] Enabling eDP-1
ok
[2026-05-03 09:40:35] State snapshot: DP-1_connected=0 lid_closed=0
[2026-05-03 09:40:35] DP-1 is disconnected; ensuring eDP-1 is enabled
[2026-05-03 09:40:35] eDP-1 already enabled; no change
[2026-05-03 10:27:07] Another instance is already running; exiting
[2026-05-03 10:27:07] State snapshot: DP-1_connected=1 lid_closed=1
[2026-05-03 10:27:07] DP-1 is connected and lid is closed; ensuring eDP-1 is disabled
[2026-05-03 10:27:07] No workspaces needed moving off eDP-1
[2026-05-03 10:27:07] Disabling eDP-1
ok
